[backblue.gif]
[fade.gif]
[index.html]
[localhost/Documentation/wp-includes/js/jquery/jqueryb8ff.js]
[localhost/Documentation/wp-includes/js/jquery/jquery-migrate.min330a.js]
[localhost/Documentation/wp-content/uploads/2017/03/icon_256.png]
[localhost/Documentation/appmanager/overview/index.html]
[localhost/Documentation/wp-content/plugins/jetpack/modules/theme-tools/compat/twentyfifteen6996.css]
[localhost/Documentation/wp-content/plugins/jetpack/_inc/genericons/genericons/genericons128b.css]
[localhost/Documentation/wp-content/uploads/2017/03/Capture1-300x160.png]
[localhost/Documentation/wp-content/themes/twentyfifteen/stylefe9d.css]
[localhost/Documentation/wp-content/themes/twentyfifteen/js/skip-link-focus-fixd01e.js]
[localhost/Documentation/appmanager/license/index.html]
[localhost/Documentation/wp-content/themes/twentyfifteen/js/functions8337.js]
[localhost/Documentation/appmanager/connection/index.html]
[localhost/Documentation/wp-includes/js/wp-embed.minfe9d.js]
[localhost/Documentation/wp-content/plugins/jetpack/_inc/genericons/genericons/Genericons.eot]
[localhost/Documentation/appmanager/listing-app-details/index.html]
[localhost/Documentation/appmanager/installing-updating-apps/index.html]
[localhost/Documentation/wp-content/plugins/jetpack/_inc/genericons/genericons/Genericonsd41d.eot]
[localhost/Documentation/appmanager/uninstallling-apps/index.html]
[localhost/Documentation/wp-content/plugins/jetpack/_inc/genericons/genericons/Genericons.ttf]
[localhost/Documentation/wp-content/uploads/2017/03/connection_status.png]
[localhost/Documentation/wp-content/plugins/jetpack/_inc/genericons/genericons/Genericons.svg]
[localhost/Documentation/wp-content/uploads/2017/03/connect-300x25.png]
[localhost/Documentation/wp-content/uploads/2017/03/disconnect-300x25.png]
[localhost/Documentation/wp-content/uploads/2017/03/applist-139x300.png]
[localhost/Documentation/wp-content/uploads/2017/03/force_installation-300x173.png]
[localhost/Documentation/wp-content/uploads/2017/03/appdetail.png]
[localhost/Documentation/wp-content/uploads/2017/03/uninstall.png]
