[backblue.gif]
[fade.gif]
[index.html]
[localhost/Documentation/developmentenvironment/overview/index.html]
[localhost/Documentation/wp-content/plugins/jetpack/modules/theme-tools/compat/twentyfifteen6996.css]
[localhost/Documentation/wp-content/plugins/jetpack/_inc/genericons/genericons/genericons128b.css]
[localhost/Documentation/wp-content/themes/twentyfifteen/stylefe9d.css]
[localhost/Documentation/wp-includes/js/wp-embed.minfe9d.js]
[localhost/Documentation/wp-content/plugins/jetpack/_inc/genericons/genericons/Genericons.eot]
[localhost/Documentation/wp-content/plugins/jetpack/_inc/genericons/genericons/Genericonsd41d.eot]
[localhost/Documentation/developmentenvironment/license/index.html]
[localhost/Documentation/wp-content/plugins/jetpack/_inc/genericons/genericons/Genericons.ttf]
[localhost/Documentation/developmentenvironment/requirements/index.html]
[localhost/Documentation/developmentenvironment/building-the-source/index.html]
[localhost/Documentation/wp-content/plugins/jetpack/_inc/genericons/genericons/Genericons.svg]
