[backblue.gif]
[fade.gif]
[index.html]
[localhost/Documentation/wp-includes/js/jquery/jqueryb8ff.js]
[localhost/Documentation/wp-includes/js/jquery/jquery-migrate.min330a.js]
[localhost/Documentation/wp-content/themes/twentyfifteen/js/skip-link-focus-fixd01e.js]
[localhost/Documentation/wp-content/themes/twentyfifteen/js/functions8337.js]
[localhost/Documentation/protocols/overview/index.html]
[localhost/Documentation/wp-content/plugins/jetpack/modules/theme-tools/compat/twentyfifteen6996.css]
[localhost/Documentation/wp-content/plugins/jetpack/_inc/genericons/genericons/genericons128b.css]
[localhost/Documentation/wp-content/themes/twentyfifteen/stylefe9d.css]
[localhost/Documentation/wp-includes/js/wp-embed.minfe9d.js]
[localhost/Documentation/wp-content/plugins/jetpack/_inc/genericons/genericons/Genericons.eot]
[localhost/Documentation/wp-content/plugins/jetpack/_inc/genericons/genericons/Genericons.ttf]
[localhost/Documentation/wp-content/plugins/jetpack/_inc/genericons/genericons/Genericonsd41d.eot]
[localhost/Documentation/protocols/license/index.html]
[localhost/Documentation/protocols/transport-protocol/index.html]
[localhost/Documentation/protocols/file-cache-protocol/index.html]
[localhost/Documentation/protocols/highlevel-protocol/index.html]
[localhost/Documentation/protocols/qa-protocol/index.html]
[localhost/Documentation/protocols/event-protocol/index.html]
[localhost/Documentation/wp-content/plugins/jetpack/_inc/genericons/genericons/Genericons.svg]
[localhost/Documentation/wp-content/uploads/2017/04/Sequenzdiagramm-300x249.png]
