[backblue.gif]
[fade.gif]
[index.html]
[localhost/Documentation/gui/overview/index.html]
[localhost/Documentation/wp-includes/js/jquery/jqueryb8ff.js]
[localhost/Documentation/wp-content/plugins/jetpack/modules/theme-tools/compat/twentyfifteen6996.css]
[localhost/Documentation/wp-content/plugins/jetpack/_inc/genericons/genericons/genericons128b.css]
[localhost/Documentation/wp-content/themes/twentyfifteen/stylefe9d.css]
[localhost/Documentation/wp-includes/js/jquery/jquery-migrate.min330a.js]
[localhost/Documentation/gui/license/index.html]
[localhost/Documentation/wp-content/themes/twentyfifteen/js/skip-link-focus-fixd01e.js]
[localhost/Documentation/wp-content/themes/twentyfifteen/js/functions8337.js]
[localhost/Documentation/wp-includes/js/wp-embed.minfe9d.js]
[localhost/Documentation/gui/thread-safety/index.html]
[localhost/Documentation/wp-content/plugins/jetpack/_inc/genericons/genericons/Genericons.eot]
[localhost/Documentation/gui/graphicsmanager/index.html]
[localhost/Documentation/wp-content/plugins/jetpack/_inc/genericons/genericons/Genericonsd41d.eot]
[localhost/Documentation/gui/frame/index.html]
[localhost/Documentation/wp-content/plugins/jetpack/_inc/genericons/genericons/Genericons.ttf]
[localhost/Documentation/gui/renderobject/index.html]
[localhost/Documentation/gui/fontslabels/index.html]
[localhost/Documentation/wp-content/uploads/2017/04/gui_frame_frames-1024x576.png]
[localhost/Documentation/gui/texturessprites/index.html]
[localhost/Documentation/wp-content/uploads/2017/04/gui_fonts_labels_helloworld.png]
[localhost/Documentation/wp-content/uploads/2017/04/gui_texturesprite_image.png]
[localhost/Documentation/wp-content/uploads/2017/04/gui_textureatlases_texturepacker-1024x555.png]
[localhost/Documentation/wp-content/uploads/2017/04/gui_textureatlases_explorer.png]
[localhost/Documentation/wp-content/uploads/2017/04/gui_textureatlases_json.png]
[localhost/Documentation/wp-content/uploads/2017/04/gui_textureatlases_atlas-1024x512.png]
[localhost/Documentation/gui/texture-atlases/index.html]
[localhost/Documentation/wp-content/plugins/jetpack/_inc/genericons/genericons/Genericons.svg]
